Test run for /app/NeverlandsMobile/Neverlands.Tests/bin/Debug/net8.0/Neverlands.Tests.dll (.NETCoreApp,Version=v8.0)
VSTest version 18.0.1 (x64)

Starting test execution, please wait...
A total of 1 test files matched the specified pattern.

Passed!  - Failed:     0, Passed:     2, Skipped:     0, Total:     2, Duration: 11 ms - Neverlands.Tests.dll (net8.0)
